Copyright 1986-2019 Xilinx, Inc. All Rights Reserved.
-------------------------------------------------------------------------------------------------
| Tool Version : Vivado v.2019.1 (lin64) Build 2552052 Fri May 24 14:47:09 MDT 2019
| Date         : Sun Oct 22 21:59:25 2023
| Host         : mtahir-Inspiron-7520 running 64-bit Ubuntu 18.04.6 LTS
| Command      : report_utilization -file top_utilization_synth.rpt -pb top_utilization_synth.pb
| Design       : top
| Device       : 7a100tcsg324-1
| Design State : Synthesized
-------------------------------------------------------------------------------------------------

Utilization Design Information

Table of Contents
-----------------
1. Slice Logic
1.1 Summary of Registers by Type
2. Memory
3. DSP
4. IO and GT Specific
5. Clocking
6. Specific Feature
7. Primitives
8. Black Boxes
9. Instantiated Netlists

1. Slice Logic
--------------

+----------------------------+-------+-------+-----------+-------+
|          Site Type         |  Used | Fixed | Available | Util% |
+----------------------------+-------+-------+-----------+-------+
| Slice LUTs*                | 14672 |     0 |     63400 | 23.14 |
|   LUT as Logic             | 12092 |     0 |     63400 | 19.07 |
|   LUT as Memory            |  2580 |     0 |     19000 | 13.58 |
|     LUT as Distributed RAM |  2064 |     0 |           |       |
|     LUT as Shift Register  |   516 |     0 |           |       |
| Slice Registers            | 12304 |     0 |    126800 |  9.70 |
|   Register as Flip Flop    | 12304 |     0 |    126800 |  9.70 |
|   Register as Latch        |     0 |     0 |    126800 |  0.00 |
| F7 Muxes                   |  1001 |     0 |     31700 |  3.16 |
| F8 Muxes                   |   343 |     0 |     15850 |  2.16 |
+----------------------------+-------+-------+-----------+-------+
* Warning! The Final LUT count, after physical optimizations and full implementation, is typically lower. Run opt_design after synthesis, if not already completed, for a more realistic count.


1.1 Summary of Registers by Type
--------------------------------

+-------+--------------+-------------+--------------+
| Total | Clock Enable | Synchronous | Asynchronous |
+-------+--------------+-------------+--------------+
| 0     |            _ |           - |            - |
| 0     |            _ |           - |          Set |
| 0     |            _ |           - |        Reset |
| 0     |            _ |         Set |            - |
| 0     |            _ |       Reset |            - |
| 0     |          Yes |           - |            - |
| 78    |          Yes |           - |          Set |
| 1705  |          Yes |           - |        Reset |
| 179   |          Yes |         Set |            - |
| 10342 |          Yes |       Reset |            - |
+-------+--------------+-------------+--------------+


2. Memory
---------

+-------------------+------+-------+-----------+-------+
|     Site Type     | Used | Fixed | Available | Util% |
+-------------------+------+-------+-----------+-------+
| Block RAM Tile    |  9.5 |     0 |       135 |  7.04 |
|   RAMB36/FIFO*    |    9 |     0 |       135 |  6.67 |
|     RAMB36E1 only |    9 |       |           |       |
|   RAMB18          |    1 |     0 |       270 |  0.37 |
|     RAMB18E1 only |    1 |       |           |       |
+-------------------+------+-------+-----------+-------+
* Note: Each Block RAM Tile only has one FIFO logic available and therefore can accommodate only one FIFO36E1 or one FIFO18E1. However, if a FIFO18E1 occupies a Block RAM Tile, that tile can still accommodate a RAMB18E1


3. DSP
------

+----------------+------+-------+-----------+-------+
|    Site Type   | Used | Fixed | Available | Util% |
+----------------+------+-------+-----------+-------+
| DSPs           |    7 |     0 |       240 |  2.92 |
|   DSP48E1 only |    7 |       |           |       |
+----------------+------+-------+-----------+-------+


4. IO and GT Specific
---------------------

+-----------------------------+------+-------+-----------+-------+
|          Site Type          | Used | Fixed | Available | Util% |
+-----------------------------+------+-------+-----------+-------+
| Bonded IOB                  |   66 |     0 |       210 | 31.43 |
| Bonded IPADs                |    0 |     0 |         2 |  0.00 |
| PHY_CONTROL                 |    1 |     0 |         6 | 16.67 |
| PHASER_REF                  |    1 |     0 |         6 | 16.67 |
| OUT_FIFO                    |    4 |     0 |        24 | 16.67 |
| IN_FIFO                     |    2 |     0 |        24 |  8.33 |
| IDELAYCTRL                  |    1 |     0 |         6 | 16.67 |
| IBUFDS                      |    0 |     0 |       202 |  0.00 |
| PHASER_OUT/PHASER_OUT_PHY   |    4 |     0 |        24 | 16.67 |
|   PHASER_OUT_PHY only       |    4 |     0 |           |       |
| PHASER_IN/PHASER_IN_PHY     |    2 |     0 |        24 |  8.33 |
|   PHASER_IN_PHY only        |    2 |     0 |           |       |
| IDELAYE2/IDELAYE2_FINEDELAY |   16 |     0 |       300 |  5.33 |
|   IDELAYE2 only             |   16 |     0 |           |       |
| ILOGIC                      |   16 |     0 |       210 |  7.62 |
|   ISERDES                   |   16 |       |           |       |
| OLOGIC                      |   47 |     0 |       210 | 22.38 |
|   OSERDES                   |   42 |       |           |       |
|   ODDR                      |    5 |       |           |       |
+-----------------------------+------+-------+-----------+-------+


5. Clocking
-----------

+------------+------+-------+-----------+-------+
|  Site Type | Used | Fixed | Available | Util% |
+------------+------+-------+-----------+-------+
| BUFGCTRL   |    4 |     0 |        32 | 12.50 |
| BUFIO      |    0 |     0 |        24 |  0.00 |
| MMCME2_ADV |    1 |     0 |         6 | 16.67 |
| PLLE2_ADV  |    2 |     0 |         6 | 33.33 |
| BUFMRCE    |    0 |     0 |        12 |  0.00 |
| BUFHCE     |    1 |     0 |        96 |  1.04 |
| BUFR       |    0 |     0 |        24 |  0.00 |
+------------+------+-------+-----------+-------+


6. Specific Feature
-------------------

+-------------+------+-------+-----------+--------+
|  Site Type  | Used | Fixed | Available |  Util% |
+-------------+------+-------+-----------+--------+
| BSCANE2     |    0 |     0 |         4 |   0.00 |
| CAPTUREE2   |    0 |     0 |         1 |   0.00 |
| DNA_PORT    |    0 |     0 |         1 |   0.00 |
| EFUSE_USR   |    0 |     0 |         1 |   0.00 |
| FRAME_ECCE2 |    0 |     0 |         1 |   0.00 |
| ICAPE2      |    0 |     0 |         2 |   0.00 |
| PCIE_2_1    |    0 |     0 |         1 |   0.00 |
| STARTUPE2   |    0 |     0 |         1 |   0.00 |
| XADC        |    1 |     0 |         1 | 100.00 |
+-------------+------+-------+-----------+--------+


7. Primitives
-------------

+--------------------------+-------+---------------------+
|         Ref Name         |  Used | Functional Category |
+--------------------------+-------+---------------------+
| FDRE                     | 10342 |        Flop & Latch |
| LUT6                     |  4771 |                 LUT |
| LUT3                     |  2884 |                 LUT |
| LUT5                     |  2677 |                 LUT |
| LUT4                     |  2153 |                 LUT |
| FDCE                     |  1705 |        Flop & Latch |
| LUT2                     |  1582 |                 LUT |
| RAMD32                   |  1308 |  Distributed Memory |
| RAMS64E                  |  1192 |  Distributed Memory |
| MUXF7                    |  1001 |               MuxFx |
| LUT1                     |   657 |                 LUT |
| RAMS32                   |   436 |  Distributed Memory |
| SRLC32E                  |   408 |  Distributed Memory |
| CARRY4                   |   358 |          CarryLogic |
| MUXF8                    |   343 |               MuxFx |
| FDSE                     |   179 |        Flop & Latch |
| SRL16E                   |   108 |  Distributed Memory |
| FDPE                     |    78 |        Flop & Latch |
| OSERDESE2                |    42 |                  IO |
| OBUF                     |    39 |                  IO |
| OBUFT                    |    18 |                  IO |
| ISERDESE2                |    16 |                  IO |
| IDELAYE2                 |    16 |                  IO |
| IBUF_INTERMDISABLE       |    16 |                  IO |
| RAMB36E1                 |     9 |        Block Memory |
| DSP48E1                  |     7 |    Block Arithmetic |
| ODDR                     |     5 |                  IO |
| PHASER_OUT_PHY           |     4 |                  IO |
| OUT_FIFO                 |     4 |                  IO |
| OBUFTDS                  |     4 |                  IO |
| IBUFDS_INTERMDISABLE_INT |     4 |                  IO |
| BUFG                     |     4 |               Clock |
| INV                      |     3 |                 LUT |
| IBUF                     |     3 |                  IO |
| PLLE2_ADV                |     2 |               Clock |
| PHASER_IN_PHY            |     2 |                  IO |
| OBUFDS                   |     2 |                  IO |
| IN_FIFO                  |     2 |                  IO |
| XADC                     |     1 |              Others |
| RAMB18E1                 |     1 |        Block Memory |
| PHY_CONTROL              |     1 |                  IO |
| PHASER_REF               |     1 |                  IO |
| MMCME2_ADV               |     1 |               Clock |
| IDELAYCTRL               |     1 |                  IO |
| BUFH                     |     1 |               Clock |
+--------------------------+-------+---------------------+


8. Black Boxes
--------------

+----------+------+
| Ref Name | Used |
+----------+------+


9. Instantiated Netlists
------------------------

+----------+------+
| Ref Name | Used |
+----------+------+


