Copyright 1986-2022 Xilinx, Inc. All Rights Reserved.
-------------------------------------------------------------------------------------------------
| Tool Version : Vivado v.2022.1 (lin64) Build 3526262 Mon Apr 18 15:47:01 MDT 2022
| Date         : Tue Aug  1 13:44:50 2023
| Host         : UETLHR running 64-bit CentOS Linux release 7.9.2009 (Core)
| Command      : report_utilization -file top_utilization_synth.rpt -pb top_utilization_synth.pb
| Design       : top
| Device       : xc7a100tcsg324-1
| Speed File   : -1
| Design State : Synthesized
-------------------------------------------------------------------------------------------------

Utilization Design Information

Table of Contents
-----------------
1. Slice Logic
1.1 Summary of Registers by Type
2. Memory
3. DSP
4. IO and GT Specific
5. Clocking
6. Specific Feature
7. Primitives
8. Black Boxes
9. Instantiated Netlists

1. Slice Logic
--------------

+----------------------------+-------+-------+------------+-----------+-------+
|          Site Type         |  Used | Fixed | Prohibited | Available | Util% |
+----------------------------+-------+-------+------------+-----------+-------+
| Slice LUTs*                | 15891 |     0 |          0 |     63400 | 25.06 |
|   LUT as Logic             | 14102 |     0 |          0 |     63400 | 22.24 |
|   LUT as Memory            |  1789 |     0 |          0 |     19000 |  9.42 |
|     LUT as Distributed RAM |  1324 |     0 |            |           |       |
|     LUT as Shift Register  |   465 |     0 |            |           |       |
| Slice Registers            | 19023 |     0 |          0 |    126800 | 15.00 |
|   Register as Flip Flop    | 19022 |     0 |          0 |    126800 | 15.00 |
|   Register as Latch        |     1 |     0 |          0 |    126800 | <0.01 |
| F7 Muxes                   |  1144 |     0 |          0 |     31700 |  3.61 |
| F8 Muxes                   |   439 |     0 |          0 |     15850 |  2.77 |
+----------------------------+-------+-------+------------+-----------+-------+
* Warning! The Final LUT count, after physical optimizations and full implementation, is typically lower. Run opt_design after synthesis, if not already completed, for a more realistic count.


1.1 Summary of Registers by Type
--------------------------------

+-------+--------------+-------------+--------------+
| Total | Clock Enable | Synchronous | Asynchronous |
+-------+--------------+-------------+--------------+
| 0     |            _ |           - |            - |
| 0     |            _ |           - |          Set |
| 0     |            _ |           - |        Reset |
| 0     |            _ |         Set |            - |
| 0     |            _ |       Reset |            - |
| 0     |          Yes |           - |            - |
| 91    |          Yes |           - |          Set |
| 4462  |          Yes |           - |        Reset |
| 295   |          Yes |         Set |            - |
| 14175 |          Yes |       Reset |            - |
+-------+--------------+-------------+--------------+


2. Memory
---------

+-------------------+------+-------+------------+-----------+-------+
|     Site Type     | Used | Fixed | Prohibited | Available | Util% |
+-------------------+------+-------+------------+-----------+-------+
| Block RAM Tile    |   16 |     0 |          0 |       135 | 11.85 |
|   RAMB36/FIFO*    |   16 |     0 |          0 |       135 | 11.85 |
|     RAMB36E1 only |   16 |       |            |           |       |
|   RAMB18          |    0 |     0 |          0 |       270 |  0.00 |
+-------------------+------+-------+------------+-----------+-------+
* Note: Each Block RAM Tile only has one FIFO logic available and therefore can accommodate only one FIFO36E1 or one FIFO18E1. However, if a FIFO18E1 occupies a Block RAM Tile, that tile can still accommodate a RAMB18E1


3. DSP
------

+----------------+------+-------+------------+-----------+-------+
|    Site Type   | Used | Fixed | Prohibited | Available | Util% |
+----------------+------+-------+------------+-----------+-------+
| DSPs           |    7 |     0 |          0 |       240 |  2.92 |
|   DSP48E1 only |    7 |       |            |           |       |
+----------------+------+-------+------------+-----------+-------+


4. IO and GT Specific
---------------------

+-----------------------------+------+-------+------------+-----------+-------+
|          Site Type          | Used | Fixed | Prohibited | Available | Util% |
+-----------------------------+------+-------+------------+-----------+-------+
| Bonded IOB                  |   66 |     0 |          0 |       210 | 31.43 |
| Bonded IPADs                |    0 |     0 |          0 |         2 |  0.00 |
| PHY_CONTROL                 |    1 |     0 |          0 |         6 | 16.67 |
| PHASER_REF                  |    1 |     0 |          0 |         6 | 16.67 |
| OUT_FIFO                    |    4 |     0 |          0 |        24 | 16.67 |
| IN_FIFO                     |    2 |     0 |          0 |        24 |  8.33 |
| IDELAYCTRL                  |    1 |     0 |          0 |         6 | 16.67 |
| IBUFDS                      |    0 |     0 |          0 |       202 |  0.00 |
| PHASER_OUT/PHASER_OUT_PHY   |    4 |     0 |          0 |        24 | 16.67 |
|   PHASER_OUT_PHY only       |    4 |     0 |            |           |       |
| PHASER_IN/PHASER_IN_PHY     |    2 |     0 |          0 |        24 |  8.33 |
|   PHASER_IN_PHY only        |    2 |     0 |            |           |       |
| IDELAYE2/IDELAYE2_FINEDELAY |   16 |     0 |          0 |       300 |  5.33 |
|   IDELAYE2 only             |   16 |     0 |            |           |       |
| ILOGIC                      |   16 |     0 |          0 |       210 |  7.62 |
|   ISERDES                   |   16 |       |          0 |       210 |       |
| OLOGIC                      |   47 |     0 |          0 |       210 | 22.38 |
|   OSERDES                   |   42 |       |          0 |       210 |       |
|   ODDR                      |    5 |       |            |           |       |
+-----------------------------+------+-------+------------+-----------+-------+


5. Clocking
-----------

+------------+------+-------+------------+-----------+-------+
|  Site Type | Used | Fixed | Prohibited | Available | Util% |
+------------+------+-------+------------+-----------+-------+
| BUFGCTRL   |    5 |     0 |          0 |        32 | 15.63 |
| BUFIO      |    0 |     0 |          0 |        24 |  0.00 |
| MMCME2_ADV |    1 |     0 |          0 |         6 | 16.67 |
| PLLE2_ADV  |    2 |     0 |          0 |         6 | 33.33 |
| BUFMRCE    |    0 |     0 |          0 |        12 |  0.00 |
| BUFHCE     |    1 |     0 |          0 |        96 |  1.04 |
| BUFR       |    0 |     0 |          0 |        24 |  0.00 |
+------------+------+-------+------------+-----------+-------+


6. Specific Feature
-------------------

+-------------+------+-------+------------+-----------+--------+
|  Site Type  | Used | Fixed | Prohibited | Available |  Util% |
+-------------+------+-------+------------+-----------+--------+
| BSCANE2     |    0 |     0 |          0 |         4 |   0.00 |
| CAPTUREE2   |    0 |     0 |          0 |         1 |   0.00 |
| DNA_PORT    |    0 |     0 |          0 |         1 |   0.00 |
| EFUSE_USR   |    0 |     0 |          0 |         1 |   0.00 |
| FRAME_ECCE2 |    0 |     0 |          0 |         1 |   0.00 |
| ICAPE2      |    0 |     0 |          0 |         2 |   0.00 |
| PCIE_2_1    |    0 |     0 |          0 |         1 |   0.00 |
| STARTUPE2   |    0 |     0 |          0 |         1 |   0.00 |
| XADC        |    1 |     0 |          0 |         1 | 100.00 |
+-------------+------+-------+------------+-----------+--------+


7. Primitives
-------------

+--------------------------+-------+---------------------+
|         Ref Name         |  Used | Functional Category |
+--------------------------+-------+---------------------+
| FDRE                     | 14175 |        Flop & Latch |
| LUT6                     |  6829 |                 LUT |
| FDCE                     |  4461 |        Flop & Latch |
| LUT3                     |  2924 |                 LUT |
| LUT5                     |  2489 |                 LUT |
| LUT4                     |  2165 |                 LUT |
| RAMD32                   |  1788 |  Distributed Memory |
| LUT2                     |  1673 |                 LUT |
| MUXF7                    |  1144 |               MuxFx |
| LUT1                     |   794 |                 LUT |
| RAMS32                   |   720 |  Distributed Memory |
| MUXF8                    |   439 |               MuxFx |
| SRLC32E                  |   405 |  Distributed Memory |
| CARRY4                   |   349 |          CarryLogic |
| FDSE                     |   295 |        Flop & Latch |
| FDPE                     |    91 |        Flop & Latch |
| SRL16E                   |    60 |  Distributed Memory |
| OSERDESE2                |    42 |                  IO |
| OBUF                     |    39 |                  IO |
| OBUFT                    |    18 |                  IO |
| RAMB36E1                 |    16 |        Block Memory |
| ISERDESE2                |    16 |                  IO |
| IDELAYE2                 |    16 |                  IO |
| IBUF_INTERMDISABLE       |    16 |                  IO |
| DSP48E1                  |     7 |    Block Arithmetic |
| ODDR                     |     5 |                  IO |
| BUFG                     |     5 |               Clock |
| PHASER_OUT_PHY           |     4 |                  IO |
| OUT_FIFO                 |     4 |                  IO |
| OBUFTDS                  |     4 |                  IO |
| IBUFDS_INTERMDISABLE_INT |     4 |                  IO |
| INV                      |     3 |                 LUT |
| IBUF                     |     3 |                  IO |
| PLLE2_ADV                |     2 |               Clock |
| PHASER_IN_PHY            |     2 |                  IO |
| OBUFDS                   |     2 |                  IO |
| IN_FIFO                  |     2 |                  IO |
| XADC                     |     1 |              Others |
| PHY_CONTROL              |     1 |                  IO |
| PHASER_REF               |     1 |                  IO |
| MMCME2_ADV               |     1 |               Clock |
| LDCE                     |     1 |        Flop & Latch |
| IDELAYCTRL               |     1 |                  IO |
| BUFH                     |     1 |               Clock |
+--------------------------+-------+---------------------+


8. Black Boxes
--------------

+----------+------+
| Ref Name | Used |
+----------+------+


9. Instantiated Netlists
------------------------

+----------+------+
| Ref Name | Used |
+----------+------+


