Duplicated file found; will not be sent for synthesis: /home/mtahir/SOC/FPGA/PCore_Git_FPGA/UETRV-PCore/FPGA_Target/Nexys-A7/Nexys-A7-ipbd/nexys_shell/ipshared/ef1e/hdl/lib_cdc_v1_0_rfs.vhd
Duplicated file found; will not be sent for synthesis: /home/mtahir/SOC/FPGA/PCore_Git_FPGA/UETRV-PCore/FPGA_Target/Nexys-A7/Nexys-A7-ipbd/nexys_shell/ipshared/8842/hdl/proc_sys_reset_v5_0_vh_rfs.vhd
Duplicated file found; will not be sent for synthesis: /home/mtahir/SOC/FPGA/PCore_Git_FPGA/UETRV-PCore/FPGA_Target/Nexys-A7/Nexys-A7-ipbd/nexys_shell/ipshared/ef1e/hdl/lib_cdc_v1_0_rfs.vhd
Duplicated file found; will not be sent for synthesis: /home/mtahir/SOC/FPGA/PCore_Git_FPGA/UETRV-PCore/FPGA_Target/Nexys-A7/Nexys-A7-ipbd/nexys_shell/ipshared/8842/hdl/proc_sys_reset_v5_0_vh_rfs.vhd
Duplicated file found; will not be sent for synthesis: /home/mtahir/SOC/FPGA/PCore_Git_FPGA/UETRV-PCore/FPGA_Target/Nexys-A7/Nexys-A7-ipbd/nexys_shell/ipshared/ef1e/hdl/lib_cdc_v1_0_rfs.vhd
Duplicated file found; will not be sent for synthesis: /home/mtahir/SOC/FPGA/PCore_Git_FPGA/UETRV-PCore/FPGA_Target/Nexys-A7/Nexys-A7-ipbd/nexys_shell/ipshared/8842/hdl/proc_sys_reset_v5_0_vh_rfs.vhd
CRC performance measure: elapsed=00:00:00s;;memory_peak=7265.652MB;;memory_gain=0.000MB
